This is pdfTeX, Version 3.1415926-1.40.10 (TeX Live 2009/Debian) (format=pdflatex 2014.3.14)  20 MAY 2014 11:58
entering extended mode
 %&-line parsing enabled.
**test.tex
(./test.tex
LaTeX2e <2009/09/24>
Babel <v3.8l> and hyphenation patterns for english, usenglishmax, dumylang, noh
yphenation, loaded.
(/usr/share/texmf-texlive/tex/latex/base/article.cls
Document Class: article 2007/10/19 v1.4h Standard LaTeX document class
(/usr/share/texmf-texlive/tex/latex/base/size10.clo
File: size10.clo 2007/10/19 v1.4h Standard LaTeX file (size option)
)
\c@part=\count79
\c@section=\count80
\c@subsection=\count81
\c@subsubsection=\count82
\c@paragraph=\count83
\c@subparagraph=\count84
\c@figure=\count85
\c@table=\count86
\abovecaptionskip=\skip41
\belowcaptionskip=\skip42
\bibindent=\dimen102
)
(/usr/share/texmf/tex/latex/pgf/frontendlayer/tikz.sty
(/usr/share/texmf/tex/latex/pgf/basiclayer/pgf.sty
(/usr/share/texmf/tex/latex/pgf/utilities/pgfrcs.sty
(/usr/share/texmf/tex/generic/pgf/utilities/pgfutil-common.tex
\pgfutil@everybye=\toks14
)
(/usr/share/texmf/tex/generic/pgf/utilities/pgfutil-latex.def
\pgfutil@abb=\box26

(/usr/share/texmf-texlive/tex/latex/ms/everyshi.sty
Package: everyshi 2001/05/15 v3.00 EveryShipout Package (MS)
))
(/usr/share/texmf/tex/generic/pgf/utilities/pgfrcs.code.tex
Package: pgfrcs 2010/10/25 v2.10 (rcs-revision 1.24)
))
Package: pgf 2008/01/15 v2.10 (rcs-revision 1.12)

(/usr/share/texmf/tex/latex/pgf/basiclayer/pgfcore.sty
(/usr/share/texmf-texlive/tex/latex/graphics/graphicx.sty
Package: graphicx 1999/02/16 v1.0f Enhanced LaTeX Graphics (DPC,SPQR)

(/usr/share/texmf-texlive/tex/latex/graphics/keyval.sty
Package: keyval 1999/03/16 v1.13 key=value parser (DPC)
\KV@toks@=\toks15
)
(/usr/share/texmf-texlive/tex/latex/graphics/graphics.sty
Package: graphics 2009/02/05 v1.0o Standard LaTeX Graphics (DPC,SPQR)

(/usr/share/texmf-texlive/tex/latex/graphics/trig.sty
Package: trig 1999/03/16 v1.09 sin cos tan (DPC)
)
(/etc/texmf/tex/latex/config/graphics.cfg
File: graphics.cfg 2009/08/28 v1.8 graphics configuration of TeX Live
)
Package graphics Info: Driver file: pdftex.def on input line 91.

(/usr/share/texmf-texlive/tex/latex/pdftex-def/pdftex.def
File: pdftex.def 2010/03/12 v0.04p Graphics/color for pdfTeX
\Gread@gobject=\count87
))
\Gin@req@height=\dimen103
\Gin@req@width=\dimen104
)
(/usr/share/texmf/tex/latex/pgf/systemlayer/pgfsys.sty
(/usr/share/texmf/tex/generic/pgf/systemlayer/pgfsys.code.tex
Package: pgfsys 2010/06/30 v2.10 (rcs-revision 1.37)

(/usr/share/texmf/tex/generic/pgf/utilities/pgfkeys.code.tex
\pgfkeys@pathtoks=\toks16
\pgfkeys@temptoks=\toks17

(/usr/share/texmf/tex/generic/pgf/utilities/pgfkeysfiltered.code.tex
\pgfkeys@tmptoks=\toks18
))
\pgf@x=\dimen105
\pgf@y=\dimen106
\pgf@xa=\dimen107
\pgf@ya=\dimen108
\pgf@xb=\dimen109
\pgf@yb=\dimen110
\pgf@xc=\dimen111
\pgf@yc=\dimen112
\w@pgf@writea=\write3
\r@pgf@reada=\read1
\c@pgf@counta=\count88
\c@pgf@countb=\count89
\c@pgf@countc=\count90
\c@pgf@countd=\count91

(/usr/share/texmf/tex/generic/pgf/systemlayer/pgf.cfg
File: pgf.cfg 2008/05/14  (rcs-revision 1.7)
)
Package pgfsys Info: Driver file for pgf: pgfsys-pdftex.def on input line 900.

(/usr/share/texmf/tex/generic/pgf/systemlayer/pgfsys-pdftex.def
File: pgfsys-pdftex.def 2009/05/22  (rcs-revision 1.26)

(/usr/share/texmf/tex/generic/pgf/systemlayer/pgfsys-common-pdf.def
File: pgfsys-common-pdf.def 2008/05/19  (rcs-revision 1.10)
)))
(/usr/share/texmf/tex/generic/pgf/systemlayer/pgfsyssoftpath.code.tex
File: pgfsyssoftpath.code.tex 2008/07/18  (rcs-revision 1.7)
\pgfsyssoftpath@smallbuffer@items=\count92
\pgfsyssoftpath@bigbuffer@items=\count93
)
(/usr/share/texmf/tex/generic/pgf/systemlayer/pgfsysprotocol.code.tex
File: pgfsysprotocol.code.tex 2006/10/16  (rcs-revision 1.4)
))
(/usr/share/texmf/tex/latex/xcolor/xcolor.sty
Package: xcolor 2007/01/21 v2.11 LaTeX color extensions (UK)

(/etc/texmf/tex/latex/config/color.cfg
File: color.cfg 2007/01/18 v1.5 color configuration of teTeX/TeXLive
)
Package xcolor Info: Driver file: pdftex.def on input line 225.
Package xcolor Info: Model `cmy' substituted by `cmy0' on input line 1337.
Package xcolor Info: Model `hsb' substituted by `rgb' on input line 1341.
Package xcolor Info: Model `RGB' extended on input line 1353.
Package xcolor Info: Model `HTML' substituted by `rgb' on input line 1355.
Package xcolor Info: Model `Hsb' substituted by `hsb' on input line 1356.
Package xcolor Info: Model `tHsb' substituted by `hsb' on input line 1357.
Package xcolor Info: Model `HSB' substituted by `hsb' on input line 1358.
Package xcolor Info: Model `Gray' substituted by `gray' on input line 1359.
Package xcolor Info: Model `wave' substituted by `hsb' on input line 1360.
)
(/usr/share/texmf/tex/generic/pgf/basiclayer/pgfcore.code.tex
Package: pgfcore 2010/04/11 v2.10 (rcs-revision 1.7)

(/usr/share/texmf/tex/generic/pgf/math/pgfmath.code.tex
(/usr/share/texmf/tex/generic/pgf/math/pgfmathcalc.code.tex
(/usr/share/texmf/tex/generic/pgf/math/pgfmathutil.code.tex)
(/usr/share/texmf/tex/generic/pgf/math/pgfmathparser.code.tex
\pgfmath@dimen=\dimen113
\pgfmath@count=\count94
\pgfmath@box=\box27
\pgfmath@toks=\toks19
\pgfmath@stack@operand=\toks20
\pgfmath@stack@operation=\toks21
)
(/usr/share/texmf/tex/generic/pgf/math/pgfmathfunctions.code.tex
(/usr/share/texmf/tex/generic/pgf/math/pgfmathfunctions.basic.code.tex)
(/usr/share/texmf/tex/generic/pgf/math/pgfmathfunctions.trigonometric.code.tex)
(/usr/share/texmf/tex/generic/pgf/math/pgfmathfunctions.random.code.tex)
(/usr/share/texmf/tex/generic/pgf/math/pgfmathfunctions.comparison.code.tex)
(/usr/share/texmf/tex/generic/pgf/math/pgfmathfunctions.base.code.tex)
(/usr/share/texmf/tex/generic/pgf/math/pgfmathfunctions.round.code.tex)
(/usr/share/texmf/tex/generic/pgf/math/pgfmathfunctions.misc.code.tex)))
(/usr/share/texmf/tex/generic/pgf/math/pgfmathfloat.code.tex
\c@pgfmathroundto@lastzeros=\count95
))
(/usr/share/texmf/tex/generic/pgf/basiclayer/pgfcorepoints.code.tex
File: pgfcorepoints.code.tex 2010/04/09  (rcs-revision 1.20)
\pgf@picminx=\dimen114
\pgf@picmaxx=\dimen115
\pgf@picminy=\dimen116
\pgf@picmaxy=\dimen117
\pgf@pathminx=\dimen118
\pgf@pathmaxx=\dimen119
\pgf@pathminy=\dimen120
\pgf@pathmaxy=\dimen121
\pgf@xx=\dimen122
\pgf@xy=\dimen123
\pgf@yx=\dimen124
\pgf@yy=\dimen125
\pgf@zx=\dimen126
\pgf@zy=\dimen127
)
(/usr/share/texmf/tex/generic/pgf/basiclayer/pgfcorepathconstruct.code.tex
File: pgfcorepathconstruct.code.tex 2010/08/03  (rcs-revision 1.24)
\pgf@path@lastx=\dimen128
\pgf@path@lasty=\dimen129
)
(/usr/share/texmf/tex/generic/pgf/basiclayer/pgfcorepathusage.code.tex
File: pgfcorepathusage.code.tex 2008/04/22  (rcs-revision 1.12)
\pgf@shorten@end@additional=\dimen130
\pgf@shorten@start@additional=\dimen131
)
(/usr/share/texmf/tex/generic/pgf/basiclayer/pgfcorescopes.code.tex
File: pgfcorescopes.code.tex 2010/09/08  (rcs-revision 1.34)
\pgfpic=\box28
\pgf@hbox=\box29
\pgf@layerbox@main=\box30
\pgf@picture@serial@count=\count96
)
(/usr/share/texmf/tex/generic/pgf/basiclayer/pgfcoregraphicstate.code.tex
File: pgfcoregraphicstate.code.tex 2008/04/22  (rcs-revision 1.9)
\pgflinewidth=\dimen132
)
(/usr/share/texmf/tex/generic/pgf/basiclayer/pgfcoretransformations.code.tex
File: pgfcoretransformations.code.tex 2009/06/10  (rcs-revision 1.11)
\pgf@pt@x=\dimen133
\pgf@pt@y=\dimen134
\pgf@pt@temp=\dimen135
)
(/usr/share/texmf/tex/generic/pgf/basiclayer/pgfcorequick.code.tex
File: pgfcorequick.code.tex 2008/10/09  (rcs-revision 1.3)
)
(/usr/share/texmf/tex/generic/pgf/basiclayer/pgfcoreobjects.code.tex
File: pgfcoreobjects.code.tex 2006/10/11  (rcs-revision 1.2)
)
(/usr/share/texmf/tex/generic/pgf/basiclayer/pgfcorepathprocessing.code.tex
File: pgfcorepathprocessing.code.tex 2008/10/09  (rcs-revision 1.8)
)
(/usr/share/texmf/tex/generic/pgf/basiclayer/pgfcorearrows.code.tex
File: pgfcorearrows.code.tex 2008/04/23  (rcs-revision 1.11)
)
(/usr/share/texmf/tex/generic/pgf/basiclayer/pgfcoreshade.code.tex
File: pgfcoreshade.code.tex 2008/11/23  (rcs-revision 1.13)
\pgf@max=\dimen136
\pgf@sys@shading@range@num=\count97
)
(/usr/share/texmf/tex/generic/pgf/basiclayer/pgfcoreimage.code.tex
File: pgfcoreimage.code.tex 2010/03/25  (rcs-revision 1.16)

(/usr/share/texmf/tex/generic/pgf/basiclayer/pgfcoreexternal.code.tex
File: pgfcoreexternal.code.tex 2010/09/01  (rcs-revision 1.17)
\pgfexternal@startupbox=\box31
))
(/usr/share/texmf/tex/generic/pgf/basiclayer/pgfcorelayers.code.tex
File: pgfcorelayers.code.tex 2010/08/27  (rcs-revision 1.2)
)
(/usr/share/texmf/tex/generic/pgf/basiclayer/pgfcoretransparency.code.tex
File: pgfcoretransparency.code.tex 2008/01/17  (rcs-revision 1.2)
)
(/usr/share/texmf/tex/generic/pgf/basiclayer/pgfcorepatterns.code.tex
File: pgfcorepatterns.code.tex 2009/07/02  (rcs-revision 1.3)
)))
(/usr/share/texmf/tex/generic/pgf/modules/pgfmoduleshapes.code.tex
File: pgfmoduleshapes.code.tex 2010/09/09  (rcs-revision 1.13)
\pgfnodeparttextbox=\box32
)
(/usr/share/texmf/tex/generic/pgf/modules/pgfmoduleplot.code.tex
File: pgfmoduleplot.code.tex 2010/10/22  (rcs-revision 1.8)
)
(/usr/share/texmf/tex/latex/pgf/compatibility/pgfcomp-version-0-65.sty
Package: pgfcomp-version-0-65 2007/07/03 v2.10 (rcs-revision 1.7)
\pgf@nodesepstart=\dimen137
\pgf@nodesepend=\dimen138
)
(/usr/share/texmf/tex/latex/pgf/compatibility/pgfcomp-version-1-18.sty
Package: pgfcomp-version-1-18 2007/07/23 v2.10 (rcs-revision 1.1)
))
(/usr/share/texmf/tex/latex/pgf/utilities/pgffor.sty
(/usr/share/texmf/tex/latex/pgf/utilities/pgfkeys.sty
(/usr/share/texmf/tex/generic/pgf/utilities/pgfkeys.code.tex))
(/usr/share/texmf/tex/generic/pgf/utilities/pgffor.code.tex
Package: pgffor 2010/03/23 v2.10 (rcs-revision 1.18)
\pgffor@iter=\dimen139
\pgffor@skip=\dimen140
\pgffor@stack=\toks22
\pgffor@toks=\toks23
))
(/usr/share/texmf/tex/generic/pgf/frontendlayer/tikz/tikz.code.tex
Package: tikz 2010/10/13 v2.10 (rcs-revision 1.76)

(/usr/share/texmf/tex/generic/pgf/libraries/pgflibraryplothandlers.code.tex
File: pgflibraryplothandlers.code.tex 2010/05/31 v2.10 (rcs-revision 1.15)
\pgf@plot@mark@count=\count98
\pgfplotmarksize=\dimen141
)
\tikz@lastx=\dimen142
\tikz@lasty=\dimen143
\tikz@lastxsaved=\dimen144
\tikz@lastysaved=\dimen145
\tikzleveldistance=\dimen146
\tikzsiblingdistance=\dimen147
\tikz@figbox=\box33
\tikz@tempbox=\box34
\tikztreelevel=\count99
\tikznumberofchildren=\count100
\tikznumberofcurrentchild=\count101
\tikz@fig@count=\count102

(/usr/share/texmf/tex/generic/pgf/modules/pgfmodulematrix.code.tex
File: pgfmodulematrix.code.tex 2010/08/24  (rcs-revision 1.4)
\pgfmatrixcurrentrow=\count103
\pgfmatrixcurrentcolumn=\count104
\pgf@matrix@numberofcolumns=\count105
)
\tikz@expandcount=\count106

(/usr/share/texmf/tex/generic/pgf/frontendlayer/tikz/libraries/tikzlibrarytopat
hs.code.tex
File: tikzlibrarytopaths.code.tex 2008/06/17 v2.10 (rcs-revision 1.2)
))) (/usr/share/texmf-texlive/tex/latex/pgfplots/pgfplots.sty
Package: pgfplots 2009/02/14 Version 1.2.2

(/usr/share/texmf-texlive/tex/generic/pgfplots/pgfplots.code.tex
(/usr/share/texmf-texlive/tex/generic/pgfplots/pgfplotscore.code.tex
\t@pgfplots@toka=\toks24
\t@pgfplots@tokb=\toks25
\t@pgfplots@tokc=\toks26
\pgfplots@tmpa=\dimen148
)
(/usr/share/texmf-texlive/tex/generic/pgfplots/oldpgfcompatib/pgfplotsoldpgfsup
p_loader.code.tex
Package pgfplots: loading complementary code for your PGF version...

(/usr/share/texmf-texlive/tex/generic/pgfplots/oldpgfcompatib/pgfplotsoldpgfsup
p_misc.code.tex)
(/usr/share/texmf-texlive/tex/generic/pgfplots/oldpgfcompatib/pgfplotsoldpgfsup
p_pgfkeysfiltered.code.tex
\pgfkeys@tmptoks=\toks27
)
(/usr/share/texmf-texlive/tex/generic/pgfplots/oldpgfcompatib/pgfplotsoldpgfsup
p_pgfmathfloat.code.tex
\c@pgfmathroundto@lastzeros=\count107
)
(/usr/share/texmf-texlive/tex/generic/pgfplots/oldpgfcompatib/pgfplotsoldpgfsup
p_pgflibraryplothandlers.code.tex
File: pgfplotsoldpgfsupp_pgflibraryplothandlers.code.tex 2009/02/13 v2.10 (rcs-
revision 1.7)
\pgf@plot@mark@count=\count108
\pgfplotmarksize=\dimen149
)
(/usr/share/texmf/tex/generic/pgf/libraries/pgflibraryfpu.code.tex))
(/usr/share/texmf-texlive/tex/generic/pgfplots/util/pgfplotsutil.code.tex
(/usr/share/texmf-texlive/tex/generic/pgfplots/liststructure/pgfplotsliststruct
ure.code.tex)
(/usr/share/texmf-texlive/tex/generic/pgfplots/liststructure/pgfplotsliststruct
ureext.code.tex)
(/usr/share/texmf-texlive/tex/generic/pgfplots/liststructure/pgfplotsarray.code
.tex
\c@pgfplotsarray@tmp=\count109
)
(/usr/share/texmf-texlive/tex/generic/pgfplots/numtable/pgfplotstable.code.tex
\c@pgfplotstable@counta=\count110
\pgfplotstable@outfile=\write4

(/usr/share/texmf-texlive/tex/generic/pgfplots/numtable/pgfplotstable.coltype.c
ode.tex)))
(/usr/share/texmf-texlive/tex/generic/pgfplots/util/pgfplotscolormap.code.tex)
(/usr/share/texmf-texlive/tex/generic/pgfplots/pgfplots.stackedplots.code.tex)
(/usr/share/texmf-texlive/tex/generic/pgfplots/pgfplotscoordprocessing.code.tex
) (/usr/share/texmf-texlive/tex/generic/pgfplots/pgfplotsticks.code.tex)
(/usr/share/texmf/tex/generic/pgf/frontendlayer/tikz/libraries/tikzlibrarydecor
ations.code.tex
(/usr/share/texmf/tex/generic/pgf/modules/pgfmoduledecorations.code.tex
\pgfdecoratedcompleteddistance=\dimen150
\pgfdecoratedremainingdistance=\dimen151
\pgfdecoratedinputsegmentcompleteddistance=\dimen152
\pgfdecoratedinputsegmentremainingdistance=\dimen153
\pgf@decorate@distancetomove=\dimen154
\pgf@decorate@repeatstate=\count111
\pgfdecorationsegmentamplitude=\dimen155
\pgfdecorationsegmentlength=\dimen156
)
\tikz@lib@dec@box=\box35
)
(/usr/share/texmf/tex/generic/pgf/frontendlayer/tikz/libraries/tikzlibrarydecor
ations.pathmorphing.code.tex
(/usr/share/texmf/tex/generic/pgf/libraries/decorations/pgflibrarydecorations.p
athmorphing.code.tex))
(/usr/share/texmf/tex/generic/pgf/frontendlayer/tikz/libraries/tikzlibrarydecor
ations.pathreplacing.code.tex
(/usr/share/texmf/tex/generic/pgf/libraries/decorations/pgflibrarydecorations.p
athreplacing.code.tex))
\pgfplots@numplots=\count112
\pgfplots@xmin@reg=\dimen157
\pgfplots@xmax@reg=\dimen158
\pgfplots@ymin@reg=\dimen159
\pgfplots@ymax@reg=\dimen160
\pgfplots@zmin@reg=\dimen161
\pgfplots@zmax@reg=\dimen162
)
(/usr/share/texmf/tex/generic/pgf/frontendlayer/tikz/libraries/tikzlibraryplotm
arks.code.tex
File: tikzlibraryplotmarks.code.tex 2008/01/09 v2.10 (rcs-revision 1.1)

(/usr/share/texmf/tex/generic/pgf/libraries/pgflibraryplotmarks.code.tex
File: pgflibraryplotmarks.code.tex 2010/10/15 v2.10 (rcs-revision 1.12)
)))
No file test.aux.
\openout1 = `test.aux'.

LaTeX Font Info:    Checking defaults for OML/cmm/m/it on input line 5.
LaTeX Font Info:    ... okay on input line 5.
LaTeX Font Info:    Checking defaults for T1/cmr/m/n on input line 5.
LaTeX Font Info:    ... okay on input line 5.
LaTeX Font Info:    Checking defaults for OT1/cmr/m/n on input line 5.
LaTeX Font Info:    ... okay on input line 5.
LaTeX Font Info:    Checking defaults for OMS/cmsy/m/n on input line 5.
LaTeX Font Info:    ... okay on input line 5.
LaTeX Font Info:    Checking defaults for OMX/cmex/m/n on input line 5.
LaTeX Font Info:    ... okay on input line 5.
LaTeX Font Info:    Checking defaults for U/cmr/m/n on input line 5.
LaTeX Font Info:    ... okay on input line 5.
ABD: EveryShipout initializing macros
(/usr/share/texmf-texlive/tex/context/base/supp-pdf.mkii
[Loading MPS to PDF converter (version 2006.09.02).]
\scratchcounter=\count113
\scratchdimen=\dimen163
\scratchbox=\box36
\nofMPsegments=\count114
\nofMParguments=\count115
\everyMPshowfont=\toks28
\MPscratchCnt=\count116
\MPscratchDim=\dimen164
\MPnumerator=\count117
\everyMPtoPDFconversion=\toks29
)
Missing character: There is no y in font nullfont!
Missing character: There is no l in font nullfont!
Missing character: There is no a in font nullfont!
Missing character: There is no b in font nullfont!
Missing character: There is no e in font nullfont!
Missing character: There is no l in font nullfont!
Missing character: There is no 1 in font nullfont!
Missing character: There is no 4 in font nullfont!
Missing character: There is no . in font nullfont!
Missing character: There is no 3 in font nullfont!
Missing character: There is no a in font nullfont!
Missing character: There is no 2 in font nullfont!
Missing character: There is no 5 in font nullfont!
Missing character: There is no . in font nullfont!
Missing character: There is no 1 in font nullfont!
Missing character: There is no a in font nullfont!
Missing character: There is no 3 in font nullfont!
Missing character: There is no 5 in font nullfont!
Missing character: There is no . in font nullfont!
Missing character: There is no 7 in font nullfont!
Missing character: There is no a in font nullfont!
Missing character: There is no 4 in font nullfont!
Missing character: There is no 6 in font nullfont!
Missing character: There is no . in font nullfont!
Missing character: There is no 3 in font nullfont!
Missing character: There is no a in font nullfont!
Missing character: There is no 5 in font nullfont!
Missing character: There is no 6 in font nullfont!
Missing character: There is no . in font nullfont!
Missing character: There is no 8 in font nullfont!
Missing character: There is no a in font nullfont!
Missing character: There is no 6 in font nullfont!
Missing character: There is no 7 in font nullfont!
Missing character: There is no . in font nullfont!
Missing character: There is no 1 in font nullfont!
Missing character: There is no a in font nullfont!
Missing character: There is no 7 in font nullfont!
Missing character: There is no 7 in font nullfont!
Missing character: There is no . in font nullfont!
Missing character: There is no 2 in font nullfont!
Missing character: There is no a in font nullfont!
Missing character: There is no 8 in font nullfont!
Missing character: There is no 7 in font nullfont!
Missing character: There is no . in font nullfont!
Missing character: There is no 2 in font nullfont!
Missing character: There is no a in font nullfont!
Missing character: There is no 9 in font nullfont!
Missing character: There is no 7 in font nullfont!
Missing character: There is no . in font nullfont!
Missing character: There is no 2 in font nullfont!
Missing character: There is no a in font nullfont!
Missing character: There is no 1 in font nullfont!
Missing character: There is no 0 in font nullfont!
Missing character: There is no 7 in font nullfont!
Missing character: There is no . in font nullfont!
Missing character: There is no 2 in font nullfont!
Missing character: There is no a in font nullfont!
Missing character: There is no 1 in font nullfont!
Missing character: There is no 1 in font nullfont!
Missing character: There is no 7 in font nullfont!
Missing character: There is no . in font nullfont!
Missing character: There is no 5 in font nullfont!
Missing character: There is no a in font nullfont!
Missing character: There is no 1 in font nullfont!
Missing character: There is no 2 in font nullfont!
Missing character: There is no 7 in font nullfont!
Missing character: There is no . in font nullfont!
Missing character: There is no 8 in font nullfont!
Missing character: There is no a in font nullfont!
Missing character: There is no . in font nullfont!
Missing character: There is no t in font nullfont!
Missing character: There is no e in font nullfont!
Missing character: There is no x in font nullfont!

! Package pgfplots Warning: You requested to open table ' x y label 1 4.3 a 2 5
.1 a 3 5.7 a 4 6.3 a 5 6.8 a 6 7.1 a 7 7.2 a 8 7.2 a 9 7.2 a 10 7.2 a 11 7.5 a 
12 7.8 a ', but there is also a ' x y label 1 4.3 a 2 5.1 a 3 5.7 a 4 6.3 a 5 6
.8 a 6 7.1 a 7 7.2 a 8 7.2 a 9 7.2 a 10 7.2 a 11 7.5 a 12 7.8 a .tex'. TeX will
 automatically append the suffix '.tex', so I will now open ' x y label 1 4.3 a
 2 5.1 a 3 5.7 a 4 6.3 a 5 6.8 a 6 7.1 a 7 7.2 a 8 7.2 a 9 7.2 a 10 7.2 a 11 7.
5 a 12 7.8 a .tex'. Please make sure you don't accidentally load TeX files - th
is may produce unrecoverable errors.
Missing character: There is no y in font nullfont!
Missing character: There is no l in font nullfont!
Missing character: There is no a in font nullfont!
Missing character: There is no b in font nullfont!
Missing character: There is no e in font nullfont!
Missing character: There is no l in font nullfont!
Missing character: There is no 1 in font nullfont!
Missing character: There is no 4 in font nullfont!
Missing character: There is no . in font nullfont!
Missing character: There is no 3 in font nullfont!
Missing character: There is no a in font nullfont!
Missing character: There is no 2 in font nullfont!
Missing character: There is no 5 in font nullfont!
Missing character: There is no . in font nullfont!
Missing character: There is no 1 in font nullfont!
Missing character: There is no a in font nullfont!
Missing character: There is no 3 in font nullfont!
Missing character: There is no 5 in font nullfont!
Missing character: There is no . in font nullfont!
Missing character: There is no 7 in font nullfont!
Missing character: There is no a in font nullfont!
Missing character: There is no 4 in font nullfont!
Missing character: There is no 6 in font nullfont!
Missing character: There is no . in font nullfont!
Missing character: There is no 3 in font nullfont!
Missing character: There is no a in font nullfont!
Missing character: There is no 5 in font nullfont!
Missing character: There is no 6 in font nullfont!
Missing character: There is no . in font nullfont!
Missing character: There is no 8 in font nullfont!
Missing character: There is no a in font nullfont!
Missing character: There is no 6 in font nullfont!
Missing character: There is no 7 in font nullfont!
Missing character: There is no . in font nullfont!
Missing character: There is no 1 in font nullfont!
Missing character: There is no a in font nullfont!
Missing character: There is no 7 in font nullfont!
Missing character: There is no 7 in font nullfont!
Missing character: There is no . in font nullfont!
Missing character: There is no 2 in font nullfont!
Missing character: There is no a in font nullfont!
Missing character: There is no 8 in font nullfont!
Missing character: There is no 7 in font nullfont!
Missing character: There is no . in font nullfont!
Missing character: There is no 2 in font nullfont!
Missing character: There is no a in font nullfont!
Missing character: There is no 9 in font nullfont!
Missing character: There is no 7 in font nullfont!
Missing character: There is no . in font nullfont!
Missing character: There is no 2 in font nullfont!
Missing character: There is no a in font nullfont!
Missing character: There is no 1 in font nullfont!
Missing character: There is no 0 in font nullfont!
Missing character: There is no 7 in font nullfont!
Missing character: There is no . in font nullfont!
Missing character: There is no 2 in font nullfont!
Missing character: There is no a in font nullfont!
Missing character: There is no 1 in font nullfont!
Missing character: There is no 1 in font nullfont!
Missing character: There is no 7 in font nullfont!
Missing character: There is no . in font nullfont!
Missing character: There is no 5 in font nullfont!
Missing character: There is no a in font nullfont!
Missing character: There is no 1 in font nullfont!
Missing character: There is no 2 in font nullfont!
Missing character: There is no 7 in font nullfont!
Missing character: There is no . in font nullfont!
Missing character: There is no 8 in font nullfont!
Missing character: There is no a in font nullfont!
PGFPlots: reading { x y label 1 4.3 a 2 5.1 a 3 5.7 a 4 6.3 a 5 6.8 a 6 7.1 a 7
 7.2 a 8 7.2 a 9 7.2 a 10 7.2 a 11 7.5 a 12 7.8 a }
! Extra \or.
<argument> ...dcsname \end \pgfplotstable@EOI \or 
                                                  \let \pgfplotstableread@im...
l.27     };
           
I'm ignoring this; it doesn't match any \if.

! Extra \or.
<argument> ...stable@LINE ,\pgfplotstable@EOI \or 
                                                  \let \pgfplotstableread@im...
l.27     };
           
I'm ignoring this; it doesn't match any \if.

! Extra \or.
<argument> ...stable@LINE ;\pgfplotstable@EOI \or 
                                                  \let \pgfplotstableread@im...
l.27     };
           
I'm ignoring this; it doesn't match any \if.

! Extra \or.
<argument> ...stable@LINE :\pgfplotstable@EOI \or 
                                                  \let \pgfplotstableread@im...
l.27     };
           
I'm ignoring this; it doesn't match any \if.

! Missing \endcsname inserted.
<to be read again> 
                   \batchmode 
l.27     };
           
The control sequence marked <to be read again> should
not appear between \csname and \endcsname.

! Package pgfplots Warning: Table ' x y label 1 4.3 a 2 5.1 a 3 5.7 a 4 6.3 a 5
 6.8 a 6 7.1 a 7 7.2 a 8 7.2 a 9 7.2 a 10 7.2 a 11 7.5 a 12 7.8 a ' has non-uni
que column name '\batchmode '. Only the first occurence can be accessed via col
umn names.
! Missing \endcsname inserted.
<to be read again> 
                   \batchmode 
l.27     };
           
The control sequence marked <to be read again> should
not appear between \csname and \endcsname.

! Missing \endcsname inserted.
<to be read again> 
                   \batchmode 
l.27     };
           
The control sequence marked <to be read again> should
not appear between \csname and \endcsname.

! Missing \endcsname inserted.
<to be read again> 
                   \errmessage 
l.27     };
           
The control sequence marked <to be read again> should
not appear between \csname and \endcsname.

! Package pgfplots Warning: Table ' x y label 1 4.3 a 2 5.1 a 3 5.7 a 4 6.3 a 5
 6.8 a 6 7.1 a 7 7.2 a 8 7.2 a 9 7.2 a 10 7.2 a 11 7.5 a 12 7.8 a ' has non-uni
que column name '\errmessage '. Only the first occurence can be accessed via co
lumn names.
! Missing \endcsname inserted.
<to be read again> 
                   \errmessage 
l.27     };
           
The control sequence marked <to be read again> should
not appear between \csname and \endcsname.

! Missing \endcsname inserted.
<to be read again> 
                   \errmessage 
l.27     };
           
The control sequence marked <to be read again> should
not appear between \csname and \endcsname.

! Package pgfplots Warning: Table ' x y label 1 4.3 a 2 5.1 a 3 5.7 a 4 6.3 a 5
 6.8 a 6 7.1 a 7 7.2 a 8 7.2 a 9 7.2 a 10 7.2 a 11 7.5 a 12 7.8 a ' has non-uni
que column name ''. Only the first occurence can be accessed via column names.
! Missing \endcsname inserted.
<to be read again> 
                   \csname\endcsname
l.27     };
           
The control sequence marked <to be read again> should
not appear between \csname and \endcsname.

Runaway text?
! Package pgfplots Warning: Table ' x y label 1 4.3 a 2 5.1 a 3 5.7 a\ETC.
! Forbidden control sequence found while scanning text of \write.
<inserted text> 
                }
l.27     };
           
I suspect you have forgotten a `}', causing me
to read past where you wanted me to stop.
I'll try to recover; but if the error is serious,
you'd better type `E' or `X' now and fix your file.

Runaway text?
! Package pgfplots Warning: Table ' x y label 1 4.3 a 2 5.1 a 3 5.7 a\ETC.
! Forbidden control sequence found while scanning text of \write.
<inserted text> 
                }
l.27     };
           
I suspect you have forgotten a `}', causing me
to read past where you wanted me to stop.
I'll try to recover; but if the error is serious,
you'd better type `E' or `X' now and fix your file.

Runaway text?
! Package pgfplots Warning: Table ' x y label 1 4.3 a 2 5.1 a 3 5.7 a\ETC.
! Forbidden control sequence found while scanning text of \write.
<inserted text> 
                }
l.27     };
           
I suspect you have forgotten a `}', causing me
to read past where you wanted me to stop.
I'll try to recover; but if the error is serious,
you'd better type `E' or `X' now and fix your file.

Runaway text?
! Package pgfplots Warning: Table ' x y label 1 4.3 a 2 5.1 a 3 5.7 a\ETC.
! Forbidden control sequence found while scanning text of \write.
<inserted text> 
                }
l.27     };
           
I suspect you have forgotten a `}', causing me
to read past where you wanted me to stop.
I'll try to recover; but if the error is serious,
you'd better type `E' or `X' now and fix your file.

Runaway text?
! Package pgfplots Warning: Table ' x y label 1 4.3 a 2 5.1 a 3 5.7 a\ETC.
! Forbidden control sequence found while scanning text of \write.
<inserted text> 
                }
l.27     };
           
I suspect you have forgotten a `}', causing me
to read past where you wanted me to stop.
I'll try to recover; but if the error is serious,
you'd better type `E' or `X' now and fix your file.

Runaway text?
! Package pgfplots Warning: Table ' x y label 1 4.3 a 2 5.1 a 3 5.7 a\ETC.
! Forbidden control sequence found while scanning text of \write.
<inserted text> 
                }
l.27     };
           
I suspect you have forgotten a `}', causing me
to read past where you wanted me to stop.
I'll try to recover; but if the error is serious,
you'd better type `E' or `X' now and fix your file.

Runaway text?
! Package pgfplots Warning: Table ' x y label 1 4.3 a 2 5.1 a 3 5.7 a\ETC.
! Forbidden control sequence found while scanning text of \write.
<inserted text> 
                }
l.27     };
           
I suspect you have forgotten a `}', causing me
to read past where you wanted me to stop.
I'll try to recover; but if the error is serious,
you'd better type `E' or `X' now and fix your file.

Runaway text?
! Package pgfplots Warning: Table ' x y label 1 4.3 a 2 5.1 a 3 5.7 a\ETC.
! Forbidden control sequence found while scanning text of \write.
<inserted text> 
                }
l.27     };
           
I suspect you have forgotten a `}', causing me
to read past where you wanted me to stop.
I'll try to recover; but if the error is serious,
you'd better type `E' or `X' now and fix your file.

Runaway text?
! Package pgfplots Warning: Table ' x y label 1 4.3 a 2 5.1 a 3 5.7 a\ETC.
! Forbidden control sequence found while scanning text of \write.
<inserted text> 
                }
l.27     };
           
I suspect you have forgotten a `}', causing me
to read past where you wanted me to stop.
I'll try to recover; but if the error is serious,
you'd better type `E' or `X' now and fix your file.

Runaway text?
! Package pgfplots Warning: Table ' x y label 1 4.3 a 2 5.1 a 3 5.7 a\ETC.
! Forbidden control sequence found while scanning text of \write.
<inserted text> 
                }
l.27     };
           
I suspect you have forgotten a `}', causing me
to read past where you wanted me to stop.
I'll try to recover; but if the error is serious,
you'd better type `E' or `X' now and fix your file.

Runaway text?
! Package pgfplots Warning: Table ' x y label 1 4.3 a 2 5.1 a 3 5.7 a\ETC.
! Forbidden control sequence found while scanning text of \write.
<inserted text> 
                }
l.27     };
           
I suspect you have forgotten a `}', causing me
to read past where you wanted me to stop.
I'll try to recover; but if the error is serious,
you'd better type `E' or `X' now and fix your file.

Runaway text?
! Package pgfplots Warning: Table ' x y label 1 4.3 a 2 5.1 a 3 5.7 a\ETC.
! Forbidden control sequence found while scanning text of \write.
<inserted text> 
                }
l.27     };
           
I suspect you have forgotten a `}', causing me
to read past where you wanted me to stop.
I'll try to recover; but if the error is serious,
you'd better type `E' or `X' now and fix your file.

Runaway text?
! Package pgfplots Warning: Table ' x y label 1 4.3 a 2 5.1 a 3 5.7 a\ETC.
! Forbidden control sequence found while scanning text of \write.
<inserted text> 
                }
l.27     };
           
I suspect you have forgotten a `}', causing me
to read past where you wanted me to stop.
I'll try to recover; but if the error is serious,
you'd better type `E' or `X' now and fix your file.

Runaway text?
! Package pgfplots Warning: Table ' x y label 1 4.3 a 2 5.1 a 3 5.7 a\ETC.
! Forbidden control sequence found while scanning text of \write.
<inserted text> 
                }
l.27     };
           
I suspect you have forgotten a `}', causing me
to read past where you wanted me to stop.
I'll try to recover; but if the error is serious,
you'd better type `E' or `X' now and fix your file.

Runaway text?
! Package pgfplots Warning: Table ' x y label 1 4.3 a 2 5.1 a 3 5.7 a\ETC.
! Forbidden control sequence found while scanning text of \write.
<inserted text> 
                }
l.27     };
           
I suspect you have forgotten a `}', causing me
to read past where you wanted me to stop.
I'll try to recover; but if the error is serious,
you'd better type `E' or `X' now and fix your file.

Runaway text?
! Package pgfplots Warning: Table ' x y label 1 4.3 a 2 5.1 a 3 5.7 a\ETC.
! Forbidden control sequence found while scanning text of \write.
<inserted text> 
                }
l.27     };
           
I suspect you have forgotten a `}', causing me
to read past where you wanted me to stop.
I'll try to recover; but if the error is serious,
you'd better type `E' or `X' now and fix your file.

Runaway text?
! Package pgfplots Warning: Table ' x y label 1 4.3 a 2 5.1 a 3 5.7 a\ETC.
! Forbidden control sequence found while scanning text of \write.
<inserted text> 
                }
l.27     };
           
I suspect you have forgotten a `}', causing me
to read past where you wanted me to stop.
I'll try to recover; but if the error is serious,
you'd better type `E' or `X' now and fix your file.

Runaway text?
! Package pgfplots Warning: Table ' x y label 1 4.3 a 2 5.1 a 3 5.7 a\ETC.
! Forbidden control sequence found while scanning text of \write.
<inserted text> 
                }
l.27     };
           
I suspect you have forgotten a `}', causing me
to read past where you wanted me to stop.
I'll try to recover; but if the error is serious,
you'd better type `E' or `X' now and fix your file.

Runaway text?
! Package pgfplots Warning: Table ' x y label 1 4.3 a 2 5.1 a 3 5.7 a\ETC.
! Forbidden control sequence found while scanning text of \write.
<inserted text> 
                }
l.27     };
           
I suspect you have forgotten a `}', causing me
to read past where you wanted me to stop.
I'll try to recover; but if the error is serious,
you'd better type `E' or `X' now and fix your file.

Runaway text?
! Package pgfplots Warning: Table ' x y label 1 4.3 a 2 5.1 a 3 5.7 a\ETC.
! Forbidden control sequence found while scanning text of \write.
<inserted text> 
                }
l.27     };
           
I suspect you have forgotten a `}', causing me
to read past where you wanted me to stop.
I'll try to recover; but if the error is serious,
you'd better type `E' or `X' now and fix your file.

Runaway text?
! Package pgfplots Warning: Table ' x y label 1 4.3 a 2 5.1 a 3 5.7 a\ETC.
! Forbidden control sequence found while scanning text of \write.
<inserted text> 
                }
l.27     };
           
I suspect you have forgotten a `}', causing me
to read past where you wanted me to stop.
I'll try to recover; but if the error is serious,
you'd better type `E' or `X' now and fix your file.

Runaway text?
! Package pgfplots Warning: Table ' x y label 1 4.3 a 2 5.1 a 3 5.7 a\ETC.
! Forbidden control sequence found while scanning text of \write.
<inserted text> 
                }
l.27     };
           
I suspect you have forgotten a `}', causing me
to read past where you wanted me to stop.
I'll try to recover; but if the error is serious,
you'd better type `E' or `X' now and fix your file.

Runaway text?
! Package pgfplots Warning: Table ' x y label 1 4.3 a 2 5.1 a 3 5.7 a\ETC.
! Forbidden control sequence found while scanning text of \write.
<inserted text> 
                }
l.27     };
           
I suspect you have forgotten a `}', causing me
to read past where you wanted me to stop.
I'll try to recover; but if the error is serious,
you'd better type `E' or `X' now and fix your file.

Runaway text?
! Package pgfplots Warning: Table ' x y label 1 4.3 a 2 5.1 a 3 5.7 a\ETC.
! Forbidden control sequence found while scanning text of \write.
<inserted text> 
                }
l.27     };
           
I suspect you have forgotten a `}', causing me
to read past where you wanted me to stop.
I'll try to recover; but if the error is serious,
you'd better type `E' or `X' now and fix your file.

Runaway text?
! Package pgfplots Warning: Table ' x y label 1 4.3 a 2 5.1 a 3 5.7 a\ETC.
! Forbidden control sequence found while scanning text of \write.
<inserted text> 
                }
l.27     };
           
I suspect you have forgotten a `}', causing me
to read past where you wanted me to stop.
I'll try to recover; but if the error is serious,
you'd better type `E' or `X' now and fix your file.

Runaway text?
! Package pgfplots Warning: Table ' x y label 1 4.3 a 2 5.1 a 3 5.7 a\ETC.
! Forbidden control sequence found while scanning text of \write.
<inserted text> 
                }
l.27     };
           
I suspect you have forgotten a `}', causing me
to read past where you wanted me to stop.
I'll try to recover; but if the error is serious,
you'd better type `E' or `X' now and fix your file.

Runaway text?
! Package pgfplots Warning: Table ' x y label 1 4.3 a 2 5.1 a 3 5.7 a\ETC.
! Forbidden control sequence found while scanning text of \write.
<inserted text> 
                }
l.27     };
           
I suspect you have forgotten a `}', causing me
to read past where you wanted me to stop.
I'll try to recover; but if the error is serious,
you'd better type `E' or `X' now and fix your file.

Runaway text?
! Package pgfplots Warning: Table ' x y label 1 4.3 a 2 5.1 a 3 5.7 a\ETC.
! Forbidden control sequence found while scanning text of \write.
<inserted text> 
                }
l.27     };
           
I suspect you have forgotten a `}', causing me
to read past where you wanted me to stop.
I'll try to recover; but if the error is serious,
you'd better type `E' or `X' now and fix your file.

Runaway text?
! Package pgfplots Warning: Table ' x y label 1 4.3 a 2 5.1 a 3 5.7 a\ETC.
! Forbidden control sequence found while scanning text of \write.
<inserted text> 
                }
l.27     };
           
I suspect you have forgotten a `}', causing me
to read past where you wanted me to stop.
I'll try to recover; but if the error is serious,
you'd better type `E' or `X' now and fix your file.

Runaway text?
! Package pgfplots Warning: Table ' x y label 1 4.3 a 2 5.1 a 3 5.7 a\ETC.
! Forbidden control sequence found while scanning text of \write.
<inserted text> 
                }
l.27     };
           
I suspect you have forgotten a `}', causing me
to read past where you wanted me to stop.
I'll try to recover; but if the error is serious,
you'd better type `E' or `X' now and fix your file.

Runaway text?
! Package pgfplots Warning: Table ' x y label 1 4.3 a 2 5.1 a 3 5.7 a\ETC.
! Forbidden control sequence found while scanning text of \write.
<inserted text> 
                }
l.27     };
           
I suspect you have forgotten a `}', causing me
to read past where you wanted me to stop.
I'll try to recover; but if the error is serious,
you'd better type `E' or `X' now and fix your file.

Runaway text?
! Package pgfplots Warning: Table ' x y label 1 4.3 a 2 5.1 a 3 5.7 a\ETC.
! Forbidden control sequence found while scanning text of \write.
<inserted text> 
                }
l.27     };
           
I suspect you have forgotten a `}', causing me
to read past where you wanted me to stop.
I'll try to recover; but if the error is serious,
you'd better type `E' or `X' now and fix your file.

Runaway text?
! Package pgfplots Warning: Table ' x y label 1 4.3 a 2 5.1 a 3 5.7 a\ETC.
! Forbidden control sequence found while scanning text of \write.
<inserted text> 
                }
l.27     };
           
I suspect you have forgotten a `}', causing me
to read past where you wanted me to stop.
I'll try to recover; but if the error is serious,
you'd better type `E' or `X' now and fix your file.

Runaway text?
! Package pgfplots Warning: Table ' x y label 1 4.3 a 2 5.1 a 3 5.7 a\ETC.
! Forbidden control sequence found while scanning text of \write.
<inserted text> 
                }
l.27     };
           
I suspect you have forgotten a `}', causing me
to read past where you wanted me to stop.
I'll try to recover; but if the error is serious,
you'd better type `E' or `X' now and fix your file.

Runaway text?
! Package pgfplots Warning: Table ' x y label 1 4.3 a 2 5.1 a 3 5.7 a\ETC.
! Forbidden control sequence found while scanning text of \write.
<inserted text> 
                }
l.27     };
           
I suspect you have forgotten a `}', causing me
to read past where you wanted me to stop.
I'll try to recover; but if the error is serious,
you'd better type `E' or `X' now and fix your file.

Runaway text?
! Package pgfplots Warning: Table ' x y label 1 4.3 a 2 5.1 a 3 5.7 a\ETC.
! Forbidden control sequence found while scanning text of \write.
<inserted text> 
                }
l.27     };
           
I suspect you have forgotten a `}', causing me
to read past where you wanted me to stop.
I'll try to recover; but if the error is serious,
you'd better type `E' or `X' now and fix your file.

Runaway text?
! Package pgfplots Warning: Table ' x y label 1 4.3 a 2 5.1 a 3 5.7 a\ETC.
! Forbidden control sequence found while scanning text of \write.
<inserted text> 
                }
l.27     };
           
I suspect you have forgotten a `}', causing me
to read past where you wanted me to stop.
I'll try to recover; but if the error is serious,
you'd better type `E' or `X' now and fix your file.

Runaway text?
! Package pgfplots Warning: Table ' x y label 1 4.3 a 2 5.1 a 3 5.7 a\ETC.
! Forbidden control sequence found while scanning text of \write.
<inserted text> 
                }
l.27     };
           
I suspect you have forgotten a `}', causing me
to read past where you wanted me to stop.
I'll try to recover; but if the error is serious,
you'd better type `E' or `X' now and fix your file.

Runaway text?
! Package pgfplots Warning: Table ' x y label 1 4.3 a 2 5.1 a 3 5.7 a\ETC.
! Forbidden control sequence found while scanning text of \write.
<inserted text> 
                }
l.27     };
           
I suspect you have forgotten a `}', causing me
to read past where you wanted me to stop.
I'll try to recover; but if the error is serious,
you'd better type `E' or `X' now and fix your file.

Runaway text?
! Package pgfplots Warning: Table ' x y label 1 4.3 a 2 5.1 a 3 5.7 a\ETC.
! Forbidden control sequence found while scanning text of \write.
<inserted text> 
                }
l.27     };
           
I suspect you have forgotten a `}', causing me
to read past where you wanted me to stop.
I'll try to recover; but if the error is serious,
you'd better type `E' or `X' now and fix your file.

Runaway text?
! Package pgfplots Warning: Table ' x y label 1 4.3 a 2 5.1 a 3 5.7 a\ETC.
! Forbidden control sequence found while scanning text of \write.
<inserted text> 
                }
l.27     };
           
I suspect you have forgotten a `}', causing me
to read past where you wanted me to stop.
I'll try to recover; but if the error is serious,
you'd better type `E' or `X' now and fix your file.

Runaway text?
! Package pgfplots Warning: Table ' x y label 1 4.3 a 2 5.1 a 3 5.7 a\ETC.
! Forbidden control sequence found while scanning text of \write.
<inserted text> 
                }
l.27     };
           
I suspect you have forgotten a `}', causing me
to read past where you wanted me to stop.
I'll try to recover; but if the error is serious,
you'd better type `E' or `X' now and fix your file.

Runaway text?
! Package pgfplots Warning: Table ' x y label 1 4.3 a 2 5.1 a 3 5.7 a\ETC.
! Forbidden control sequence found while scanning text of \write.
<inserted text> 
                }
l.27     };
           
I suspect you have forgotten a `}', causing me
to read past where you wanted me to stop.
I'll try to recover; but if the error is serious,
you'd better type `E' or `X' now and fix your file.

Runaway text?
! Package pgfplots Warning: Table ' x y label 1 4.3 a 2 5.1 a 3 5.7 a\ETC.
! Forbidden control sequence found while scanning text of \write.
<inserted text> 
                }
l.27     };
           
I suspect you have forgotten a `}', causing me
to read past where you wanted me to stop.
I'll try to recover; but if the error is serious,
you'd better type `E' or `X' now and fix your file.

Runaway text?
! Package pgfplots Warning: Table ' x y label 1 4.3 a 2 5.1 a 3 5.7 a\ETC.
! Forbidden control sequence found while scanning text of \write.
<inserted text> 
                }
l.27     };
           
I suspect you have forgotten a `}', causing me
to read past where you wanted me to stop.
I'll try to recover; but if the error is serious,
you'd better type `E' or `X' now and fix your file.

Runaway text?
! Package pgfplots Warning: Table ' x y label 1 4.3 a 2 5.1 a 3 5.7 a\ETC.
! Forbidden control sequence found while scanning text of \write.
<inserted text> 
                }
l.27     };
           
I suspect you have forgotten a `}', causing me
to read past where you wanted me to stop.
I'll try to recover; but if the error is serious,
you'd better type `E' or `X' now and fix your file.

Runaway text?
! Package pgfplots Warning: Table ' x y label 1 4.3 a 2 5.1 a 3 5.7 a\ETC.
! Forbidden control sequence found while scanning text of \write.
<inserted text> 
                }
l.27     };
           
I suspect you have forgotten a `}', causing me
to read past where you wanted me to stop.
I'll try to recover; but if the error is serious,
you'd better type `E' or `X' now and fix your file.

Runaway text?
! Package pgfplots Warning: Table ' x y label 1 4.3 a 2 5.1 a 3 5.7 a\ETC.
! Forbidden control sequence found while scanning text of \write.
<inserted text> 
                }
l.27     };
           
I suspect you have forgotten a `}', causing me
to read past where you wanted me to stop.
I'll try to recover; but if the error is serious,
you'd better type `E' or `X' now and fix your file.

Runaway text?
! Package pgfplots Warning: Table ' x y label 1 4.3 a 2 5.1 a 3 5.7 a\ETC.
! Forbidden control sequence found while scanning text of \write.
<inserted text> 
                }
l.27     };
           
I suspect you have forgotten a `}', causing me
to read past where you wanted me to stop.
I'll try to recover; but if the error is serious,
you'd better type `E' or `X' now and fix your file.

Runaway text?
! Package pgfplots Warning: Table ' x y label 1 4.3 a 2 5.1 a 3 5.7 a\ETC.
! Forbidden control sequence found while scanning text of \write.
<inserted text> 
                }
l.27     };
           
I suspect you have forgotten a `}', causing me
to read past where you wanted me to stop.
I'll try to recover; but if the error is serious,
you'd better type `E' or `X' now and fix your file.

Runaway text?
! Package pgfplots Warning: Table ' x y label 1 4.3 a 2 5.1 a 3 5.7 a\ETC.
! Forbidden control sequence found while scanning text of \write.
<inserted text> 
                }
l.27     };
           
I suspect you have forgotten a `}', causing me
to read past where you wanted me to stop.
I'll try to recover; but if the error is serious,
you'd better type `E' or `X' now and fix your file.

Runaway text?
! Package pgfplots Warning: Table ' x y label 1 4.3 a 2 5.1 a 3 5.7 a\ETC.
! Forbidden control sequence found while scanning text of \write.
<inserted text> 
                }
l.27     };
           
I suspect you have forgotten a `}', causing me
to read past where you wanted me to stop.
I'll try to recover; but if the error is serious,
you'd better type `E' or `X' now and fix your file.

Runaway text?
! Package pgfplots Warning: Table ' x y label 1 4.3 a 2 5.1 a 3 5.7 a\ETC.
! Forbidden control sequence found while scanning text of \write.
<inserted text> 
                }
l.27     };
           
I suspect you have forgotten a `}', causing me
to read past where you wanted me to stop.
I'll try to recover; but if the error is serious,
you'd better type `E' or `X' now and fix your file.

Runaway text?
! Package pgfplots Warning: Table ' x y label 1 4.3 a 2 5.1 a 3 5.7 a\ETC.
! Forbidden control sequence found while scanning text of \write.
<inserted text> 
                }
l.27     };
           
I suspect you have forgotten a `}', causing me
to read past where you wanted me to stop.
I'll try to recover; but if the error is serious,
you'd better type `E' or `X' now and fix your file.

Runaway text?
! Package pgfplots Warning: Table ' x y label 1 4.3 a 2 5.1 a 3 5.7 a\ETC.
! Forbidden control sequence found while scanning text of \write.
<inserted text> 
                }
l.27     };
           
I suspect you have forgotten a `}', causing me
to read past where you wanted me to stop.
I'll try to recover; but if the error is serious,
you'd better type `E' or `X' now and fix your file.

Runaway text?
! Package pgfplots Warning: Table ' x y label 1 4.3 a 2 5.1 a 3 5.7 a\ETC.
! Forbidden control sequence found while scanning text of \write.
<inserted text> 
                }
l.27     };
           
I suspect you have forgotten a `}', causing me
to read past where you wanted me to stop.
I'll try to recover; but if the error is serious,
you'd better type `E' or `X' now and fix your file.

Runaway text?
! Package pgfplots Warning: Table ' x y label 1 4.3 a 2 5.1 a 3 5.7 a\ETC.
! Forbidden control sequence found while scanning text of \write.
<inserted text> 
                }
l.27     };
           
I suspect you have forgotten a `}', causing me
to read past where you wanted me to stop.
I'll try to recover; but if the error is serious,
you'd better type `E' or `X' now and fix your file.

Runaway text?
! Package pgfplots Warning: Table ' x y label 1 4.3 a 2 5.1 a 3 5.7 a\ETC.
! Forbidden control sequence found while scanning text of \write.
<inserted text> 
                }
l.27     };
           
I suspect you have forgotten a `}', causing me
to read past where you wanted me to stop.
I'll try to recover; but if the error is serious,
you'd better type `E' or `X' now and fix your file.

Runaway text?
! Package pgfplots Warning: Table ' x y label 1 4.3 a 2 5.1 a 3 5.7 a\ETC.
! Forbidden control sequence found while scanning text of \write.
<inserted text> 
                }
l.27     };
           
I suspect you have forgotten a `}', causing me
to read past where you wanted me to stop.
I'll try to recover; but if the error is serious,
you'd better type `E' or `X' now and fix your file.

Runaway text?
! Package pgfplots Warning: Table ' x y label 1 4.3 a 2 5.1 a 3 5.7 a\ETC.
! Forbidden control sequence found while scanning text of \write.
<inserted text> 
                }
l.27     };
           
I suspect you have forgotten a `}', causing me
to read past where you wanted me to stop.
I'll try to recover; but if the error is serious,
you'd better type `E' or `X' now and fix your file.

Runaway text?
! Package pgfplots Warning: Table ' x y label 1 4.3 a 2 5.1 a 3 5.7 a\ETC.
! Forbidden control sequence found while scanning text of \write.
<inserted text> 
                }
l.27     };
           
I suspect you have forgotten a `}', causing me
to read past where you wanted me to stop.
I'll try to recover; but if the error is serious,
you'd better type `E' or `X' now and fix your file.

Runaway text?
! Package pgfplots Warning: Table ' x y label 1 4.3 a 2 5.1 a 3 5.7 a\ETC.
! Forbidden control sequence found while scanning text of \write.
<inserted text> 
                }
l.27     };
           
I suspect you have forgotten a `}', causing me
to read past where you wanted me to stop.
I'll try to recover; but if the error is serious,
you'd better type `E' or `X' now and fix your file.

Runaway text?
! Package pgfplots Warning: Table ' x y label 1 4.3 a 2 5.1 a 3 5.7 a\ETC.
! Forbidden control sequence found while scanning text of \write.
<inserted text> 
                }
l.27     };
           
I suspect you have forgotten a `}', causing me
to read past where you wanted me to stop.
I'll try to recover; but if the error is serious,
you'd better type `E' or `X' now and fix your file.

Runaway text?
! Package pgfplots Warning: Table ' x y label 1 4.3 a 2 5.1 a 3 5.7 a\ETC.
! Forbidden control sequence found while scanning text of \write.
<inserted text> 
                }
l.27     };
           
I suspect you have forgotten a `}', causing me
to read past where you wanted me to stop.
I'll try to recover; but if the error is serious,
you'd better type `E' or `X' now and fix your file.

Runaway text?
! Package pgfplots Warning: Table ' x y label 1 4.3 a 2 5.1 a 3 5.7 a\ETC.
! Forbidden control sequence found while scanning text of \write.
<inserted text> 
                }
l.27     };
           
I suspect you have forgotten a `}', causing me
to read past where you wanted me to stop.
I'll try to recover; but if the error is serious,
you'd better type `E' or `X' now and fix your file.

Runaway text?
! Package pgfplots Warning: Table ' x y label 1 4.3 a 2 5.1 a 3 5.7 a\ETC.
! Forbidden control sequence found while scanning text of \write.
<inserted text> 
                }
l.27     };
           
I suspect you have forgotten a `}', causing me
to read past where you wanted me to stop.
I'll try to recover; but if the error is serious,
you'd better type `E' or `X' now and fix your file.

Runaway text?
! Package pgfplots Warning: Table ' x y label 1 4.3 a 2 5.1 a 3 5.7 a\ETC.
! Forbidden control sequence found while scanning text of \write.
<inserted text> 
                }
l.27     };
           
I suspect you have forgotten a `}', causing me
to read past where you wanted me to stop.
I'll try to recover; but if the error is serious,
you'd better type `E' or `X' now and fix your file.

Runaway text?
! Package pgfplots Warning: Table ' x y label 1 4.3 a 2 5.1 a 3 5.7 a\ETC.
! Forbidden control sequence found while scanning text of \write.
<inserted text> 
                }
l.27     };
           
I suspect you have forgotten a `}', causing me
to read past where you wanted me to stop.
I'll try to recover; but if the error is serious,
you'd better type `E' or `X' now and fix your file.

Runaway text?
! Package pgfplots Warning: Table ' x y label 1 4.3 a 2 5.1 a 3 5.7 a\ETC.
! Forbidden control sequence found while scanning text of \write.
<inserted text> 
                }
l.27     };
           
I suspect you have forgotten a `}', causing me
to read past where you wanted me to stop.
I'll try to recover; but if the error is serious,
you'd better type `E' or `X' now and fix your file.

Runaway text?
! Package pgfplots Warning: Table ' x y label 1 4.3 a 2 5.1 a 3 5.7 a\ETC.
! Forbidden control sequence found while scanning text of \write.
<inserted text> 
                }
l.27     };
           
I suspect you have forgotten a `}', causing me
to read past where you wanted me to stop.
I'll try to recover; but if the error is serious,
you'd better type `E' or `X' now and fix your file.

Runaway text?
! Package pgfplots Warning: Table ' x y label 1 4.3 a 2 5.1 a 3 5.7 a\ETC.
! Forbidden control sequence found while scanning text of \write.
<inserted text> 
                }
l.27     };
           
I suspect you have forgotten a `}', causing me
to read past where you wanted me to stop.
I'll try to recover; but if the error is serious,
you'd better type `E' or `X' now and fix your file.

Runaway text?
! Package pgfplots Warning: Table ' x y label 1 4.3 a 2 5.1 a 3 5.7 a\ETC.
! Forbidden control sequence found while scanning text of \write.
<inserted text> 
                }
l.27     };
           
I suspect you have forgotten a `}', causing me
to read past where you wanted me to stop.
I'll try to recover; but if the error is serious,
you'd better type `E' or `X' now and fix your file.

Runaway text?
! Package pgfplots Warning: Table ' x y label 1 4.3 a 2 5.1 a 3 5.7 a\ETC.
! Forbidden control sequence found while scanning text of \write.
<inserted text> 
                }
l.27     };
           
I suspect you have forgotten a `}', causing me
to read past where you wanted me to stop.
I'll try to recover; but if the error is serious,
you'd better type `E' or `X' now and fix your file.

Runaway text?
! Package pgfplots Warning: Table ' x y label 1 4.3 a 2 5.1 a 3 5.7 a\ETC.
! Forbidden control sequence found while scanning text of \write.
<inserted text> 
                }
l.27     };
           
I suspect you have forgotten a `}', causing me
to read past where you wanted me to stop.
I'll try to recover; but if the error is serious,
you'd better type `E' or `X' now and fix your file.

Runaway text?
! Package pgfplots Warning: Table ' x y label 1 4.3 a 2 5.1 a 3 5.7 a\ETC.
! Forbidden control sequence found while scanning text of \write.
<inserted text> 
                }
l.27     };
           
I suspect you have forgotten a `}', causing me
to read past where you wanted me to stop.
I'll try to recover; but if the error is serious,
you'd better type `E' or `X' now and fix your file.

Runaway text?
! Package pgfplots Warning: Table ' x y label 1 4.3 a 2 5.1 a 3 5.7 a\ETC.
! Forbidden control sequence found while scanning text of \write.
<inserted text> 
                }
l.27     };
           
I suspect you have forgotten a `}', causing me
to read past where you wanted me to stop.
I'll try to recover; but if the error is serious,
you'd better type `E' or `X' now and fix your file.

Runaway text?
! Package pgfplots Warning: Table ' x y label 1 4.3 a 2 5.1 a 3 5.7 a\ETC.
! Forbidden control sequence found while scanning text of \write.
<inserted text> 
                }
l.27     };
           
I suspect you have forgotten a `}', causing me
to read past where you wanted me to stop.
I'll try to recover; but if the error is serious,
you'd better type `E' or `X' now and fix your file.

Runaway text?
! Package pgfplots Warning: Table ' x y label 1 4.3 a 2 5.1 a 3 5.7 a\ETC.
! Forbidden control sequence found while scanning text of \write.
<inserted text> 
                }
l.27     };
           
I suspect you have forgotten a `}', causing me
to read past where you wanted me to stop.
I'll try to recover; but if the error is serious,
you'd better type `E' or `X' now and fix your file.

Runaway text?
! Package pgfplots Warning: Table ' x y label 1 4.3 a 2 5.1 a 3 5.7 a\ETC.
! Forbidden control sequence found while scanning text of \write.
<inserted text> 
                }
l.27     };
           
I suspect you have forgotten a `}', causing me
to read past where you wanted me to stop.
I'll try to recover; but if the error is serious,
you'd better type `E' or `X' now and fix your file.

Runaway text?
! Package pgfplots Warning: Table ' x y label 1 4.3 a 2 5.1 a 3 5.7 a\ETC.
! Forbidden control sequence found while scanning text of \write.
<inserted text> 
                }
l.27     };
           
I suspect you have forgotten a `}', causing me
to read past where you wanted me to stop.
I'll try to recover; but if the error is serious,
you'd better type `E' or `X' now and fix your file.

Runaway text?
! Package pgfplots Warning: Table ' x y label 1 4.3 a 2 5.1 a 3 5.7 a\ETC.
! Forbidden control sequence found while scanning text of \write.
<inserted text> 
                }
l.27     };
           
I suspect you have forgotten a `}', causing me
to read past where you wanted me to stop.
I'll try to recover; but if the error is serious,
you'd better type `E' or `X' now and fix your file.

Runaway text?
! Package pgfplots Warning: Table ' x y label 1 4.3 a 2 5.1 a 3 5.7 a\ETC.
! Forbidden control sequence found while scanning text of \write.
<inserted text> 
                }
l.27     };
           
I suspect you have forgotten a `}', causing me
to read past where you wanted me to stop.
I'll try to recover; but if the error is serious,
you'd better type `E' or `X' now and fix your file.

Runaway text?
! Package pgfplots Warning: Table ' x y label 1 4.3 a 2 5.1 a 3 5.7 a\ETC.
! Forbidden control sequence found while scanning text of \write.
<inserted text> 
                }
l.27     };
           
I suspect you have forgotten a `}', causing me
to read past where you wanted me to stop.
I'll try to recover; but if the error is serious,
you'd better type `E' or `X' now and fix your file.

Runaway text?
! Package pgfplots Warning: Table ' x y label 1 4.3 a 2 5.1 a 3 5.7 a\ETC.
! Forbidden control sequence found while scanning text of \write.
<inserted text> 
                }
l.27     };
           
I suspect you have forgotten a `}', causing me
to read past where you wanted me to stop.
I'll try to recover; but if the error is serious,
you'd better type `E' or `X' now and fix your file.

Runaway text?
! Package pgfplots Warning: Table ' x y label 1 4.3 a 2 5.1 a 3 5.7 a\ETC.
! Forbidden control sequence found while scanning text of \write.
<inserted text> 
                }
l.27     };
           
I suspect you have forgotten a `}', causing me
to read past where you wanted me to stop.
I'll try to recover; but if the error is serious,
you'd better type `E' or `X' now and fix your file.

Runaway text?
! Package pgfplots Warning: Table ' x y label 1 4.3 a 2 5.1 a 3 5.7 a\ETC.
! Forbidden control sequence found while scanning text of \write.
<inserted text> 
                }
l.27     };
           
I suspect you have forgotten a `}', causing me
to read past where you wanted me to stop.
I'll try to recover; but if the error is serious,
you'd better type `E' or `X' now and fix your file.

Runaway text?
! Package pgfplots Warning: Table ' x y label 1 4.3 a 2 5.1 a 3 5.7 a\ETC.
! Forbidden control sequence found while scanning text of \write.
<inserted text> 
                }
l.27     };
           
I suspect you have forgotten a `}', causing me
to read past where you wanted me to stop.
I'll try to recover; but if the error is serious,
you'd better type `E' or `X' now and fix your file.

Runaway text?
! Package pgfplots Warning: Table ' x y label 1 4.3 a 2 5.1 a 3 5.7 a\ETC.
! Forbidden control sequence found while scanning text of \write.
<inserted text> 
                }
l.27     };
           
I suspect you have forgotten a `}', causing me
to read past where you wanted me to stop.
I'll try to recover; but if the error is serious,
you'd better type `E' or `X' now and fix your file.

Runaway text?
! Package pgfplots Warning: Table ' x y label 1 4.3 a 2 5.1 a 3 5.7 a\ETC.
! Forbidden control sequence found while scanning text of \write.
<inserted text> 
                }
l.27     };
           
(That makes 100 errors; please try again.) 
Here is how much of TeX's memory you used:
 12893 strings out of 495061
 293115 string characters out of 1182621
 362347 words of memory out of 3000000
 15853 multiletter control sequences out of 15000+50000
 3640 words of font info for 14 fonts, out of 3000000 for 9000
 28 hyphenation exceptions out of 8191
 104i,1n,61p,394b,688s stack positions out of 5000i,500n,10000p,200000b,50000s

!  ==> Fatal error occurred, no output PDF file produced!
